
Training Results:
Current working dir: /home/people/23225831/vlm3d_challenge/task_2_multi_abnormality_classification/sonic_vlm3d_challenge
2026-04-23 10:26:39 - __main__ - INFO - Preparing data...
2026-04-23 10:26:39 - __main__ - INFO - Using existing manifest at /scratch/23225831/vlm3d_challenge/data/sampled_train_fixed/subset_manifest/subset_manifest.json
2026-04-23 10:26:39 - __main__ - INFO - Using existing splits from /scratch/23225831/vlm3d_challenge/data/sampled_train_fixed/subset_manifest
2026-04-23 10:26:39 - __main__ - INFO - Loading train/val/test data...
2026-04-23 10:26:39 - __main__ - INFO - Loaded: Train=119, Val=15, Test=15
2026-04-23 10:26:39 - __main__ - INFO - Creating dataloaders...
/home/people/23225831/vlm3d_challenge/task_2_multi_abnormality_classification/sonic_vlm3d_challenge/venv/lib64/python3.9/site-packages/monai/utils/deprecate_utils.py:321: FutureWarning: monai.transforms.spatial.dictionary Orientationd.__init__:labels: Current default value of argument `labels=(('L', 'R'), ('P', 'A'), ('I', 'S'))` was changed in version None from `labels=(('L', 'R'), ('P', 'A'), ('I', 'S'))` to `labels=None`. Default value changed to None meaning that the transform now uses the 'space' of a meta-tensor, if applicable, to determine appropriate axis labels.
  warn_deprecated(argname, msg, warning_category)
2026-04-23 10:26:39 - __main__ - INFO - Initializing model...
2026-04-23 10:26:39 - __main__ - INFO - Position weights: tensor([5.0000, 2.5000, 5.0000, 5.0000, 2.6061, 5.0000, 2.7187, 3.7600, 2.7187,
        1.0877, 1.4286, 3.4074, 5.0000, 5.0000, 5.0000, 4.9500, 5.0000, 5.0000])
2026-04-23 10:26:39 - __main__ - INFO - Min weight: 1.09, Max weight: 5.00, Mean: 3.90
2026-04-23 10:26:39 - modules.encoder - INFO - Loading DinoV2 encoder from local directory: src/pretrained_encoders/dinov2-small...
2026-04-23 10:26:40 - modules.encoder - INFO - DinoV2 encoder loaded and frozen (768-dim embeddings)
2026-04-23 10:26:40 - __main__ - INFO - Creating trainer...
GPU available: True (cuda), used: True
TPU available: False, using: 0 TPU cores
2026-04-23 10:26:40 - __main__ - INFO - Starting training...
You are using a CUDA device ('NVIDIA L40S') that has Tensor Cores. To properly utilize them, you should set `torch.set_float32_matmul_precision('medium' | 'high')` which will trade-off precision for performance. For more details, read https://pytorch.org/docs/stable/generated/torch.set_float32_matmul_precision.html#torch.set_float32_matmul_precision
LOCAL_RANK: 0 - CUDA_VISIBLE_DEVICES: [0]

  | Name      | Type                  | Params | Mode  | FLOPs
--------------------------------------------------------------------
0 | encoder   | DinoV2Encoder         | 22.1 M | train | 0    
1 | head      | GatedAttentionMILHead | 213 K  | train | 0    
2 | criterion | BCEWithLogitsLoss     | 0      | train | 0    
--------------------------------------------------------------------
213 K     Trainable params
22.1 M    Non-trainable params
22.3 M    Total params
89.078    Total estimated model params size (MB)
8         Modules in train mode
224       Modules in eval mode
0         Total Flops
/home/people/23225831/vlm3d_challenge/task_2_multi_abnormality_classification/sonic_vlm3d_challenge/venv/lib64/python3.9/site-packages/pytorch_lightning/loggers/tensorboard.py:195: Could not log computational graph to TensorBoard: The `model.example_input_array` attribute is not set or `input_array` was not given.
SLURM auto-requeueing enabled. Setting signal handlers.

Sanity Checking: |          | 0/? [00:00<?, ?it/s]
Sanity Checking: |          | 0/? [00:00<?, ?it/s]
Sanity Checking DataLoader 0:   0%|          | 0/2 [00:00<?, ?it/s]
Sanity Checking DataLoader 0:  50%|█████     | 1/2 [00:00<00:00,  2.60it/s]
Sanity Checking DataLoader 0: 100%|██████████| 2/2 [00:04<00:00,  0.42it/s]
                                                                           
/home/people/23225831/vlm3d_challenge/task_2_multi_abnormality_classification/sonic_vlm3d_challenge/venv/lib64/python3.9/site-packages/pytorch_lightning/loops/fit_loop.py:534: Found 224 module(s) in eval mode at the start of training. This may lead to unexpected behavior during training. If this is intentional, you can ignore this warning.

Training: |          | 0/? [00:00<?, ?it/s]
Training: |          | 0/? [00:00<?, ?it/s]
Epoch 16:  10%|█         | 3/30 [00:38<05:47,  0.08it/s, v_num=1, train_loss_step=0.799, val_loss=0.976, val_mean_auc=0.597, val_mean_ap=0.487, val_accuracy=0.622, val_f1=0.532, train_loss_epoch=0.866]
Epoch 16:  13%|█▎        | 4/30 [00:38<04:11,  0.10it/s, v_num=1, train_loss_step=0.799, val_loss=0.976, val_mean_auc=0.597, val_mean_ap=0.487, val_accuracy=0.622, val_f1=0.532, train_loss_epoch=0.866]
Epoch 16:  13%|█▎        | 4/30 [00:38<04:12,  0.10it/s, v_num=1, train_loss_step=0.727, val_loss=0.976, val_mean_auc=0.597, val_mean_ap=0.487, val_accuracy=0.622, val_f1=0.532, train_loss_epoch=0.866]
Epoch 16:  17%|█▋        | 5/30 [00:56<04:43,  0.09it/s, v_num=1, train_loss_step=0.727, val_loss=0.976, val_mean_auc=0.597, val_mean_ap=0.487, val_accuracy=0.622, val_f1=0.532, train_loss_epoch=0.866]
Epoch 16:  17%|█▋        | 5/30 [00:56<04:44,  0.09it/s, v_num=1, train_loss_step=1.020, val_loss=0.976, val_mean_auc=0.597, val_mean_ap=0.487, val_accuracy=0.622, val_f1=0.532, train_loss_epoch=0.866]
Epoch 16:  20%|██        | 6/30 [00:56<03:47,  0.11it/s, v_num=1, train_loss_step=1.020, val_loss=0.976, val_mean_auc=0.597, val_mean_ap=0.487, val_accuracy=0.622, val_f1=0.532, train_loss_epoch=0.866]
Epoch 16:  20%|██        | 6/30 [00:57<03:48,  0.11it/s, v_num=1, train_loss_step=0.731, val_loss=0.976, val_mean_auc=0.597, val_mean_ap=0.487, val_accuracy=0.622, val_f1=0.532, train_loss_epoch=0.866]
Epoch 16:  23%|██▎       | 7/30 [01:14<04:06,  0.09it/s, v_num=1, train_loss_step=0.731, val_loss=0.976, val_mean_auc=0.597, val_mean_ap=0.487, val_accuracy=0.622, val_f1=0.532, train_loss_epoch=0.866]
Epoch 16:  23%|██▎       | 7/30 [01:15<04:07,  0.09it/s, v_num=1, train_loss_step=0.850, val_loss=0.976, val_mean_auc=0.597, val_mean_ap=0.487, val_accuracy=0.622, val_f1=0.532, train_loss_epoch=0.866]
Epoch 16:  27%|██▋       | 8/30 [01:15<03:26,  0.11it/s, v_num=1, train_loss_step=0.850, val_loss=0.976, val_mean_auc=0.597, val_mean_ap=0.487, val_accuracy=0.622, val_f1=0.532, train_loss_epoch=0.866]
Epoch 16:  27%|██▋       | 8/30 [01:15<03:27,  0.11it/s, v_num=1, train_loss_step=0.775, val_loss=0.976, val_mean_auc=0.597, val_mean_ap=0.487, val_accuracy=0.622, val_f1=0.532, train_loss_epoch=0.866]
Epoch 16:  30%|███       | 9/30 [01:30<03:30,  0.10it/s, v_num=1, train_loss_step=0.775, val_loss=0.976, val_mean_auc=0.597, val_mean_ap=0.487, val_accuracy=0.622, val_f1=0.532, train_loss_epoch=0.866]
Epoch 16:  30%|███       | 9/30 [01:30<03:31,  0.10it/s, v_num=1, train_loss_step=0.641, val_loss=0.976, val_mean_auc=0.597, val_mean_ap=0.487, val_accuracy=0.622, val_f1=0.532, train_loss_epoch=0.866]
Epoch 16:  33%|███▎      | 10/30 [01:30<03:01,  0.11it/s, v_num=1, train_loss_step=0.641, val_loss=0.976, val_mean_auc=0.597, val_mean_ap=0.487, val_accuracy=0.622, val_f1=0.532, train_loss_epoch=0.866]
Epoch 16:  33%|███▎      | 10/30 [01:30<03:01,  0.11it/s, v_num=1, train_loss_step=1.130, val_loss=0.976, val_mean_auc=0.597, val_mean_ap=0.487, val_accuracy=0.622, val_f1=0.532, train_loss_epoch=0.866]
Epoch 16:  37%|███▋      | 11/30 [01:48<03:07,  0.10it/s, v_num=1, train_loss_step=1.130, val_loss=0.976, val_mean_auc=0.597, val_mean_ap=0.487, val_accuracy=0.622, val_f1=0.532, train_loss_epoch=0.866]
Epoch 16:  37%|███▋      | 11/30 [01:48<03:08,  0.10it/s, v_num=1, train_loss_step=0.913, val_loss=0.976, val_mean_auc=0.597, val_mean_ap=0.487, val_accuracy=0.622, val_f1=0.532, train_loss_epoch=0.866]
Epoch 16:  40%|████      | 12/30 [01:48<02:43,  0.11it/s, v_num=1, train_loss_step=0.913, val_loss=0.976, val_mean_auc=0.597, val_mean_ap=0.487, val_accuracy=0.622, val_f1=0.532, train_loss_epoch=0.866]
Epoch 16:  40%|████      | 12/30 [01:49<02:43,  0.11it/s, v_num=1, train_loss_step=1.310, val_loss=0.976, val_mean_auc=0.597, val_mean_ap=0.487, val_accuracy=0.622, val_f1=0.532, train_loss_epoch=0.866]
Epoch 16:  43%|████▎     | 13/30 [02:14<02:56,  0.10it/s, v_num=1, train_loss_step=1.310, val_loss=0.976, val_mean_auc=0.597, val_mean_ap=0.487, val_accuracy=0.622, val_f1=0.532, train_loss_epoch=0.866]
Epoch 16:  43%|████▎     | 13/30 [02:15<02:56,  0.10it/s, v_num=1, train_loss_step=0.573, val_loss=0.976, val_mean_auc=0.597, val_mean_ap=0.487, val_accuracy=0.622, val_f1=0.532, train_loss_epoch=0.866]
Epoch 16:  47%|████▋     | 14/30 [02:15<02:34,  0.10it/s, v_num=1, train_loss_step=0.573, val_loss=0.976, val_mean_auc=0.597, val_mean_ap=0.487, val_accuracy=0.622, val_f1=0.532, train_loss_epoch=0.866]
Epoch 16:  47%|████▋     | 14/30 [02:15<02:34,  0.10it/s, v_num=1, train_loss_step=0.754, val_loss=0.976, val_mean_auc=0.597, val_mean_ap=0.487, val_accuracy=0.622, val_f1=0.532, train_loss_epoch=0.866]
Epoch 16:  50%|█████     | 15/30 [02:28<02:28,  0.10it/s, v_num=1, train_loss_step=0.754, val_loss=0.976, val_mean_auc=0.597, val_mean_ap=0.487, val_accuracy=0.622, val_f1=0.532, train_loss_epoch=0.866]
Epoch 16:  50%|█████     | 15/30 [02:29<02:29,  0.10it/s, v_num=1, train_loss_step=1.250, val_loss=0.976, val_mean_auc=0.597, val_mean_ap=0.487, val_accuracy=0.622, val_f1=0.532, train_loss_epoch=0.866]
Epoch 16:  53%|█████▎    | 16/30 [02:29<02:10,  0.11it/s, v_num=1, train_loss_step=1.250, val_loss=0.976, val_mean_auc=0.597, val_mean_ap=0.487, val_accuracy=0.622, val_f1=0.532, train_loss_epoch=0.866]
Epoch 16:  53%|█████▎    | 16/30 [02:29<02:10,  0.11it/s, v_num=1, train_loss_step=0.566, val_loss=0.976, val_mean_auc=0.597, val_mean_ap=0.487, val_accuracy=0.622, val_f1=0.532, train_loss_epoch=0.866]
Epoch 16:  57%|█████▋    | 17/30 [02:48<02:09,  0.10it/s, v_num=1, train_loss_step=0.566, val_loss=0.976, val_mean_auc=0.597, val_mean_ap=0.487, val_accuracy=0.622, val_f1=0.532, train_loss_epoch=0.866]
Epoch 16:  57%|█████▋    | 17/30 [02:49<02:09,  0.10it/s, v_num=1, train_loss_step=1.020, val_loss=0.976, val_mean_auc=0.597, val_mean_ap=0.487, val_accuracy=0.622, val_f1=0.532, train_loss_epoch=0.866]
Epoch 16:  60%|██████    | 18/30 [02:49<01:52,  0.11it/s, v_num=1, train_loss_step=1.020, val_loss=0.976, val_mean_auc=0.597, val_mean_ap=0.487, val_accuracy=0.622, val_f1=0.532, train_loss_epoch=0.866]
Epoch 16:  60%|██████    | 18/30 [02:49<01:52,  0.11it/s, v_num=1, train_loss_step=0.659, val_loss=0.976, val_mean_auc=0.597, val_mean_ap=0.487, val_accuracy=0.622, val_f1=0.532, train_loss_epoch=0.866]
Epoch 16:  63%|██████▎   | 19/30 [03:09<01:49,  0.10it/s, v_num=1, train_loss_step=0.659, val_loss=0.976, val_mean_auc=0.597, val_mean_ap=0.487, val_accuracy=0.622, val_f1=0.532, train_loss_epoch=0.866]
Epoch 16:  63%|██████▎   | 19/30 [03:09<01:49,  0.10it/s, v_num=1, train_loss_step=0.809, val_loss=0.976, val_mean_auc=0.597, val_mean_ap=0.487, val_accuracy=0.622, val_f1=0.532, train_loss_epoch=0.866]
Epoch 16:  67%|██████▋   | 20/30 [03:09<01:34,  0.11it/s, v_num=1, train_loss_step=0.809, val_loss=0.976, val_mean_auc=0.597, val_mean_ap=0.487, val_accuracy=0.622, val_f1=0.532, train_loss_epoch=0.866]
Epoch 16:  67%|██████▋   | 20/30 [03:10<01:35,  0.11it/s, v_num=1, train_loss_step=0.705, val_loss=0.976, val_mean_auc=0.597, val_mean_ap=0.487, val_accuracy=0.622, val_f1=0.532, train_loss_epoch=0.866]
Epoch 16:  70%|███████   | 21/30 [03:31<01:30,  0.10it/s, v_num=1, train_loss_step=0.705, val_loss=0.976, val_mean_auc=0.597, val_mean_ap=0.487, val_accuracy=0.622, val_f1=0.532, train_loss_epoch=0.866]
Epoch 16:  70%|███████   | 21/30 [03:31<01:30,  0.10it/s, v_num=1, train_loss_step=1.090, val_loss=0.976, val_mean_auc=0.597, val_mean_ap=0.487, val_accuracy=0.622, val_f1=0.532, train_loss_epoch=0.866]
Epoch 16:  73%|███████▎  | 22/30 [03:31<01:16,  0.10it/s, v_num=1, train_loss_step=1.090, val_loss=0.976, val_mean_auc=0.597, val_mean_ap=0.487, val_accuracy=0.622, val_f1=0.532, train_loss_epoch=0.866]
Epoch 16:  73%|███████▎  | 22/30 [03:31<01:16,  0.10it/s, v_num=1, train_loss_step=0.914, val_loss=0.976, val_mean_auc=0.597, val_mean_ap=0.487, val_accuracy=0.622, val_f1=0.532, train_loss_epoch=0.866]
Epoch 16:  77%|███████▋  | 23/30 [03:46<01:09,  0.10it/s, v_num=1, train_loss_step=0.914, val_loss=0.976, val_mean_auc=0.597, val_mean_ap=0.487, val_accuracy=0.622, val_f1=0.532, train_loss_epoch=0.866]
Epoch 16:  77%|███████▋  | 23/30 [03:46<01:09,  0.10it/s, v_num=1, train_loss_step=0.720, val_loss=0.976, val_mean_auc=0.597, val_mean_ap=0.487, val_accuracy=0.622, val_f1=0.532, train_loss_epoch=0.866]
Epoch 16:  80%|████████  | 24/30 [03:46<00:56,  0.11it/s, v_num=1, train_loss_step=0.720, val_loss=0.976, val_mean_auc=0.597, val_mean_ap=0.487, val_accuracy=0.622, val_f1=0.532, train_loss_epoch=0.866]
Epoch 16:  80%|████████  | 24/30 [03:47<00:56,  0.11it/s, v_num=1, train_loss_step=0.805, val_loss=0.976, val_mean_auc=0.597, val_mean_ap=0.487, val_accuracy=0.622, val_f1=0.532, train_loss_epoch=0.866]
Epoch 16:  83%|████████▎ | 25/30 [04:06<00:49,  0.10it/s, v_num=1, train_loss_step=0.805, val_loss=0.976, val_mean_auc=0.597, val_mean_ap=0.487, val_accuracy=0.622, val_f1=0.532, train_loss_epoch=0.866]
Epoch 16:  83%|████████▎ | 25/30 [04:06<00:49,  0.10it/s, v_num=1, train_loss_step=0.625, val_loss=0.976, val_mean_auc=0.597, val_mean_ap=0.487, val_accuracy=0.622, val_f1=0.532, train_loss_epoch=0.866]
Epoch 16:  87%|████████▋ | 26/30 [04:06<00:37,  0.11it/s, v_num=1, train_loss_step=0.625, val_loss=0.976, val_mean_auc=0.597, val_mean_ap=0.487, val_accuracy=0.622, val_f1=0.532, train_loss_epoch=0.866]
Epoch 16:  87%|████████▋ | 26/30 [04:06<00:37,  0.11it/s, v_num=1, train_loss_step=0.954, val_loss=0.976, val_mean_auc=0.597, val_mean_ap=0.487, val_accuracy=0.622, val_f1=0.532, train_loss_epoch=0.866]
Epoch 16:  90%|█████████ | 27/30 [04:20<00:28,  0.10it/s, v_num=1, train_loss_step=0.954, val_loss=0.976, val_mean_auc=0.597, val_mean_ap=0.487, val_accuracy=0.622, val_f1=0.532, train_loss_epoch=0.866]
Epoch 16:  90%|█████████ | 27/30 [04:21<00:29,  0.10it/s, v_num=1, train_loss_step=1.010, val_loss=0.976, val_mean_auc=0.597, val_mean_ap=0.487, val_accuracy=0.622, val_f1=0.532, train_loss_epoch=0.866]
Epoch 16:  93%|█████████▎| 28/30 [04:28<00:19,  0.10it/s, v_num=1, train_loss_step=1.010, val_loss=0.976, val_mean_auc=0.597, val_mean_ap=0.487, val_accuracy=0.622, val_f1=0.532, train_loss_epoch=0.866]
Epoch 16:  93%|█████████▎| 28/30 [04:29<00:19,  0.10it/s, v_num=1, train_loss_step=0.624, val_loss=0.976, val_mean_auc=0.597, val_mean_ap=0.487, val_accuracy=0.622, val_f1=0.532, train_loss_epoch=0.866]
Epoch 16:  97%|█████████▋| 29/30 [04:39<00:09,  0.10it/s, v_num=1, train_loss_step=0.624, val_loss=0.976, val_mean_auc=0.597, val_mean_ap=0.487, val_accuracy=0.622, val_f1=0.532, train_loss_epoch=0.866]
Epoch 16:  97%|█████████▋| 29/30 [04:40<00:09,  0.10it/s, v_num=1, train_loss_step=1.010, val_loss=0.976, val_mean_auc=0.597, val_mean_ap=0.487, val_accuracy=0.622, val_f1=0.532, train_loss_epoch=0.866]
Epoch 16: 100%|██████████| 30/30 [04:46<00:00,  0.10it/s, v_num=1, train_loss_step=1.010, val_loss=0.976, val_mean_auc=0.597, val_mean_ap=0.487, val_accuracy=0.622, val_f1=0.532, train_loss_epoch=0.866]
Epoch 16: 100%|██████████| 30/30 [04:46<00:00,  0.10it/s, v_num=1, train_loss_step=0.709, val_loss=0.976, val_mean_auc=0.597, val_mean_ap=0.487, val_accuracy=0.622, val_f1=0.532, train_loss_epoch=0.866]

Validation: |          | 0/? [00:00<?, ?it/s][A

Validation: |          | 0/? [00:00<?, ?it/s][A

Validation DataLoader 0:   0%|          | 0/4 [00:00<?, ?it/s][A

Validation DataLoader 0:  25%|██▌       | 1/4 [00:00<00:00,  4.33it/s][A

Validation DataLoader 0:  50%|█████     | 2/4 [00:03<00:03,  0.56it/s][A

Validation DataLoader 0:  75%|███████▌  | 3/4 [00:18<00:06,  0.16it/s][A

Validation DataLoader 0: 100%|██████████| 4/4 [00:19<00:00,  0.21it/s][A

                                                                      [A
Epoch 16: 100%|██████████| 30/30 [05:19<00:00,  0.09it/s, v_num=1, train_loss_step=0.709, val_loss=0.976, val_mean_auc=0.597, val_mean_ap=0.487, val_accuracy=0.611, val_f1=0.529, train_loss_epoch=0.866]
Epoch 16: 100%|██████████| 30/30 [05:19<00:00,  0.09it/s, v_num=1, train_loss_step=0.709, val_loss=0.976, val_mean_auc=0.597, val_mean_ap=0.487, val_accuracy=0.611, val_f1=0.529, train_loss_epoch=0.838]Epoch 16, global step 510: 'val_mean_auc' was not in top 1

Epoch 16:   0%|          | 0/30 [00:00<?, ?it/s, v_num=1, train_loss_step=0.709, val_loss=0.976, val_mean_auc=0.597, val_mean_ap=0.487, val_accuracy=0.611, val_f1=0.529, train_loss_epoch=0.838]         
Epoch 17:   0%|          | 0/30 [00:00<?, ?it/s, v_num=1, train_loss_step=0.709, val_loss=0.976, val_mean_auc=0.597, val_mean_ap=0.487, val_accuracy=0.611, val_f1=0.529, train_loss_epoch=0.838]
Epoch 17:   3%|▎         | 1/30 [00:22<10:44,  0.05it/s, v_num=1, train_loss_step=0.709, val_loss=0.976, val_mean_auc=0.597, val_mean_ap=0.487, val_accuracy=0.611, val_f1=0.529, train_loss_epoch=0.838]
Epoch 17:   3%|▎         | 1/30 [00:22<10:50,  0.04it/s, v_num=1, train_loss_step=0.741, val_loss=0.976, val_mean_auc=0.597, val_mean_ap=0.487, val_accuracy=0.611, val_f1=0.529, train_loss_epoch=0.838]
Epoch 17:   7%|▋         | 2/30 [00:22<05:14,  0.09it/s, v_num=1, train_loss_step=0.741, val_loss=0.976, val_mean_auc=0.597, val_mean_ap=0.487, val_accuracy=0.611, val_f1=0.529, train_loss_epoch=0.838]
Epoch 17:   7%|▋         | 2/30 [00:22<05:17,  0.09it/s, v_num=1, train_loss_step=1.230, val_loss=0.976, val_mean_auc=0.597, val_mean_ap=0.487, val_accuracy=0.611, val_f1=0.529, train_loss_epoch=0.838]
Epoch 17:  10%|█         | 3/30 [00:42<06:24,  0.07it/s, v_num=1, train_loss_step=1.230, val_loss=0.976, val_mean_auc=0.597, val_mean_ap=0.487, val_accuracy=0.611, val_f1=0.529, train_loss_epoch=0.838]
Epoch 17:  10%|█         | 3/30 [00:42<06:26,  0.07it/s, v_num=1, train_loss_step=1.720, val_loss=0.976, val_mean_auc=0.597, val_mean_ap=0.487, val_accuracy=0.611, val_f1=0.529, train_loss_epoch=0.838]
Epoch 17:  13%|█▎        | 4/30 [00:42<04:38,  0.09it/s, v_num=1, train_loss_step=1.720, val_loss=0.976, val_mean_auc=0.597, val_mean_ap=0.487, val_accuracy=0.611, val_f1=0.529, train_loss_epoch=0.838]
Epoch 17:  13%|█▎        | 4/30 [00:43<04:40,  0.09it/s, v_num=1, train_loss_step=0.955, val_loss=0.976, val_mean_auc=0.597, val_mean_ap=0.487, val_accuracy=0.611, val_f1=0.529, train_loss_epoch=0.838]
Epoch 17:  17%|█▋        | 5/30 [01:01<05:08,  0.08it/s, v_num=1, train_loss_step=0.955, val_loss=0.976, val_mean_auc=0.597, val_mean_ap=0.487, val_accuracy=0.611, val_f1=0.529, train_loss_epoch=0.838]
Epoch 17:  17%|█▋        | 5/30 [01:01<05:09,  0.08it/s, v_num=1, train_loss_step=0.889, val_loss=0.976, val_mean_auc=0.597, val_mean_ap=0.487, val_accuracy=0.611, val_f1=0.529, train_loss_epoch=0.838]
Epoch 17:  20%|██        | 6/30 [01:01<04:07,  0.10it/s, v_num=1, train_loss_step=0.889, val_loss=0.976, val_mean_auc=0.597, val_mean_ap=0.487, val_accuracy=0.611, val_f1=0.529, train_loss_epoch=0.838]
Epoch 17:  20%|██        | 6/30 [01:02<04:08,  0.10it/s, v_num=1, train_loss_step=0.693, val_loss=0.976, val_mean_auc=0.597, val_mean_ap=0.487, val_accuracy=0.611, val_f1=0.529, train_loss_epoch=0.838]
Epoch 17:  23%|██▎       | 7/30 [01:21<04:28,  0.09it/s, v_num=1, train_loss_step=0.693, val_loss=0.976, val_mean_auc=0.597, val_mean_ap=0.487, val_accuracy=0.611, val_f1=0.529, train_loss_epoch=0.838]
Epoch 17:  23%|██▎       | 7/30 [01:22<04:29,  0.09it/s, v_num=1, train_loss_step=1.020, val_loss=0.976, val_mean_auc=0.597, val_mean_ap=0.487, val_accuracy=0.611, val_f1=0.529, train_loss_epoch=0.838]
Epoch 17:  27%|██▋       | 8/30 [01:22<03:45,  0.10it/s, v_num=1, train_loss_step=1.020, val_loss=0.976, val_mean_auc=0.597, val_mean_ap=0.487, val_accuracy=0.611, val_f1=0.529, train_loss_epoch=0.838]
Epoch 17:  27%|██▋       | 8/30 [01:22<03:46,  0.10it/s, v_num=1, train_loss_step=0.686, val_loss=0.976, val_mean_auc=0.597, val_mean_ap=0.487, val_accuracy=0.611, val_f1=0.529, train_loss_epoch=0.838]
Epoch 17:  30%|███       | 9/30 [01:37<03:47,  0.09it/s, v_num=1, train_loss_step=0.686, val_loss=0.976, val_mean_auc=0.597, val_mean_ap=0.487, val_accuracy=0.611, val_f1=0.529, train_loss_epoch=0.838]
Epoch 17:  30%|███       | 9/30 [01:37<03:47,  0.09it/s, v_num=1, train_loss_step=0.859, val_loss=0.976, val_mean_auc=0.597, val_mean_ap=0.487, val_accuracy=0.611, val_f1=0.529, train_loss_epoch=0.838]
Epoch 17:  33%|███▎      | 10/30 [01:37<03:15,  0.10it/s, v_num=1, train_loss_step=0.859, val_loss=0.976, val_mean_auc=0.597, val_mean_ap=0.487, val_accuracy=0.611, val_f1=0.529, train_loss_epoch=0.838]
Epoch 17:  33%|███▎      | 10/30 [01:37<03:15,  0.10it/s, v_num=1, train_loss_step=0.796, val_loss=0.976, val_mean_auc=0.597, val_mean_ap=0.487, val_accuracy=0.611, val_f1=0.529, train_loss_epoch=0.838]
Epoch 17:  37%|███▋      | 11/30 [01:53<03:15,  0.10it/s, v_num=1, train_loss_step=0.796, val_loss=0.976, val_mean_auc=0.597, val_mean_ap=0.487, val_accuracy=0.611, val_f1=0.529, train_loss_epoch=0.838]
Epoch 17:  37%|███▋      | 11/30 [01:53<03:15,  0.10it/s, v_num=1, train_loss_step=1.020, val_loss=0.976, val_mean_auc=0.597, val_mean_ap=0.487, val_accuracy=0.611, val_f1=0.529, train_loss_epoch=0.838]
Epoch 17:  40%|████      | 12/30 [01:53<02:49,  0.11it/s, v_num=1, train_loss_step=1.020, val_loss=0.976, val_mean_auc=0.597, val_mean_ap=0.487, val_accuracy=0.611, val_f1=0.529, train_loss_epoch=0.838]
Epoch 17:  40%|████      | 12/30 [01:53<02:50,  0.11it/s, v_num=1, train_loss_step=0.717, val_loss=0.976, val_mean_auc=0.597, val_mean_ap=0.487, val_accuracy=0.611, val_f1=0.529, train_loss_epoch=0.838]
Epoch 17:  43%|████▎     | 13/30 [02:12<02:52,  0.10it/s, v_num=1, train_loss_step=0.717, val_loss=0.976, val_mean_auc=0.597, val_mean_ap=0.487, val_accuracy=0.611, val_f1=0.529, train_loss_epoch=0.838]
Epoch 17:  43%|████▎     | 13/30 [02:12<02:53,  0.10it/s, v_num=1, train_loss_step=0.844, val_loss=0.976, val_mean_auc=0.597, val_mean_ap=0.487, val_accuracy=0.611, val_f1=0.529, train_loss_epoch=0.838]
Epoch 17:  47%|████▋     | 14/30 [02:12<02:31,  0.11it/s, v_num=1, train_loss_step=0.844, val_loss=0.976, val_mean_auc=0.597, val_mean_ap=0.487, val_accuracy=0.611, val_f1=0.529, train_loss_epoch=0.838]
Epoch 17:  47%|████▋     | 14/30 [02:12<02:31,  0.11it/s, v_num=1, train_loss_step=0.589, val_loss=0.976, val_mean_auc=0.597, val_mean_ap=0.487, val_accuracy=0.611, val_f1=0.529, train_loss_epoch=0.838]
Epoch 17:  50%|█████     | 15/30 [02:34<02:34,  0.10it/s, v_num=1, train_loss_step=0.589, val_loss=0.976, val_mean_auc=0.597, val_mean_ap=0.487, val_accuracy=0.611, val_f1=0.529, train_loss_epoch=0.838]
Epoch 17:  50%|█████     | 15/30 [02:34<02:34,  0.10it/s, v_num=1, train_loss_step=0.738, val_loss=0.976, val_mean_auc=0.597, val_mean_ap=0.487, val_accuracy=0.611, val_f1=0.529, train_loss_epoch=0.838]
Epoch 17:  53%|█████▎    | 16/30 [02:34<02:15,  0.10it/s, v_num=1, train_loss_step=0.738, val_loss=0.976, val_mean_auc=0.597, val_mean_ap=0.487, val_accuracy=0.611, val_f1=0.529, train_loss_epoch=0.838]
Epoch 17:  53%|█████▎    | 16/30 [02:34<02:15,  0.10it/s, v_num=1, train_loss_step=0.947, val_loss=0.976, val_mean_auc=0.597, val_mean_ap=0.487, val_accuracy=0.611, val_f1=0.529, train_loss_epoch=0.838]
Epoch 17:  57%|█████▋    | 17/30 [02:52<02:11,  0.10it/s, v_num=1, train_loss_step=0.947, val_loss=0.976, val_mean_auc=0.597, val_mean_ap=0.487, val_accuracy=0.611, val_f1=0.529, train_loss_epoch=0.838]
Epoch 17:  57%|█████▋    | 17/30 [02:52<02:11,  0.10it/s, v_num=1, train_loss_step=0.807, val_loss=0.976, val_mean_auc=0.597, val_mean_ap=0.487, val_accuracy=0.611, val_f1=0.529, train_loss_epoch=0.838]
Epoch 17:  60%|██████    | 18/30 [02:52<01:55,  0.10it/s, v_num=1, train_loss_step=0.807, val_loss=0.976, val_mean_auc=0.597, val_mean_ap=0.487, val_accuracy=0.611, val_f1=0.529, train_loss_epoch=0.838]
Epoch 17:  60%|██████    | 18/30 [02:52<01:55,  0.10it/s, v_num=1, train_loss_step=0.886, val_loss=0.976, val_mean_auc=0.597, val_mean_ap=0.487, val_accuracy=0.611, val_f1=0.529, train_loss_epoch=0.838]
Epoch 17:  63%|██████▎   | 19/30 [03:12<01:51,  0.10it/s, v_num=1, train_loss_step=0.886, val_loss=0.976, val_mean_auc=0.597, val_mean_ap=0.487, val_accuracy=0.611, val_f1=0.529, train_loss_epoch=0.838]
Epoch 17:  63%|██████▎   | 19/30 [03:12<01:51,  0.10it/s, v_num=1, train_loss_step=0.598, val_loss=0.976, val_mean_auc=0.597, val_mean_ap=0.487, val_accuracy=0.611, val_f1=0.529, train_loss_epoch=0.838]
Epoch 17:  67%|██████▋   | 20/30 [03:12<01:36,  0.10it/s, v_num=1, train_loss_step=0.598, val_loss=0.976, val_mean_auc=0.597, val_mean_ap=0.487, val_accuracy=0.611, val_f1=0.529, train_loss_epoch=0.838]
Epoch 17:  67%|██████▋   | 20/30 [03:13<01:36,  0.10it/s, v_num=1, train_loss_step=0.525, val_loss=0.976, val_mean_auc=0.597, val_mean_ap=0.487, val_accuracy=0.611, val_f1=0.529, train_loss_epoch=0.838]
Epoch 17:  70%|███████   | 21/30 [03:28<01:29,  0.10it/s, v_num=1, train_loss_step=0.525, val_loss=0.976, val_mean_auc=0.597, val_mean_ap=0.487, val_accuracy=0.611, val_f1=0.529, train_loss_epoch=0.838]
Epoch 17:  70%|███████   | 21/30 [03:28<01:29,  0.10it/s, v_num=1, train_loss_step=0.785, val_loss=0.976, val_mean_auc=0.597, val_mean_ap=0.487, val_accuracy=0.611, val_f1=0.529, train_loss_epoch=0.838]
Epoch 17:  73%|███████▎  | 22/30 [03:28<01:15,  0.11it/s, v_num=1, train_loss_step=0.785, val_loss=0.976, val_mean_auc=0.597, val_mean_ap=0.487, val_accuracy=0.611, val_f1=0.529, train_loss_epoch=0.838]
Epoch 17:  73%|███████▎  | 22/30 [03:28<01:15,  0.11it/s, v_num=1, train_loss_step=1.200, val_loss=0.976, val_mean_auc=0.597, val_mean_ap=0.487, val_accuracy=0.611, val_f1=0.529, train_loss_epoch=0.838]
Epoch 17:  77%|███████▋  | 23/30 [03:44<01:08,  0.10it/s, v_num=1, train_loss_step=1.200, val_loss=0.976, val_mean_auc=0.597, val_mean_ap=0.487, val_accuracy=0.611, val_f1=0.529, train_loss_epoch=0.838]
Epoch 17:  77%|███████▋  | 23/30 [03:44<01:08,  0.10it/s, v_num=1, train_loss_step=0.832, val_loss=0.976, val_mean_auc=0.597, val_mean_ap=0.487, val_accuracy=0.611, val_f1=0.529, train_loss_epoch=0.838]
Epoch 17:  80%|████████  | 24/30 [03:44<00:56,  0.11it/s, v_num=1, train_loss_step=0.832, val_loss=0.976, val_mean_auc=0.597, val_mean_ap=0.487, val_accuracy=0.611, val_f1=0.529, train_loss_epoch=0.838]
Epoch 17:  80%|████████  | 24/30 [03:44<00:56,  0.11it/s, v_num=1, train_loss_step=0.478, val_loss=0.976, val_mean_auc=0.597, val_mean_ap=0.487, val_accuracy=0.611, val_f1=0.529, train_loss_epoch=0.838]
Epoch 17:  83%|████████▎ | 25/30 [04:03<00:48,  0.10it/s, v_num=1, train_loss_step=0.478, val_loss=0.976, val_mean_auc=0.597, val_mean_ap=0.487, val_accuracy=0.611, val_f1=0.529, train_loss_epoch=0.838]
Epoch 17:  83%|████████▎ | 25/30 [04:03<00:48,  0.10it/s, v_num=1, train_loss_step=0.892, val_loss=0.976, val_mean_auc=0.597, val_mean_ap=0.487, val_accuracy=0.611, val_f1=0.529, train_loss_epoch=0.838]
Epoch 17:  87%|████████▋ | 26/30 [04:03<00:37,  0.11it/s, v_num=1, train_loss_step=0.892, val_loss=0.976, val_mean_auc=0.597, val_mean_ap=0.487, val_accuracy=0.611, val_f1=0.529, train_loss_epoch=0.838]
Epoch 17:  87%|████████▋ | 26/30 [04:03<00:37,  0.11it/s, v_num=1, train_loss_step=0.980, val_loss=0.976, val_mean_auc=0.597, val_mean_ap=0.487, val_accuracy=0.611, val_f1=0.529, train_loss_epoch=0.838]
Epoch 17:  90%|█████████ | 27/30 [04:16<00:28,  0.11it/s, v_num=1, train_loss_step=0.980, val_loss=0.976, val_mean_auc=0.597, val_mean_ap=0.487, val_accuracy=0.611, val_f1=0.529, train_loss_epoch=0.838]
Epoch 17:  90%|█████████ | 27/30 [04:16<00:28,  0.11it/s, v_num=1, train_loss_step=0.621, val_loss=0.976, val_mean_auc=0.597, val_mean_ap=0.487, val_accuracy=0.611, val_f1=0.529, train_loss_epoch=0.838]
Epoch 17:  93%|█████████▎| 28/30 [04:21<00:18,  0.11it/s, v_num=1, train_loss_step=0.621, val_loss=0.976, val_mean_auc=0.597, val_mean_ap=0.487, val_accuracy=0.611, val_f1=0.529, train_loss_epoch=0.838]
Epoch 17:  93%|█████████▎| 28/30 [04:21<00:18,  0.11it/s, v_num=1, train_loss_step=0.945, val_loss=0.976, val_mean_auc=0.597, val_mean_ap=0.487, val_accuracy=0.611, val_f1=0.529, train_loss_epoch=0.838]
Epoch 17:  97%|█████████▋| 29/30 [04:37<00:09,  0.10it/s, v_num=1, train_loss_step=0.945, val_loss=0.976, val_mean_auc=0.597, val_mean_ap=0.487, val_accuracy=0.611, val_f1=0.529, train_loss_epoch=0.838]
Epoch 17:  97%|█████████▋| 29/30 [04:37<00:09,  0.10it/s, v_num=1, train_loss_step=0.774, val_loss=0.976, val_mean_auc=0.597, val_mean_ap=0.487, val_accuracy=0.611, val_f1=0.529, train_loss_epoch=0.838]
Epoch 17: 100%|██████████| 30/30 [04:37<00:00,  0.11it/s, v_num=1, train_loss_step=0.774, val_loss=0.976, val_mean_auc=0.597, val_mean_ap=0.487, val_accuracy=0.611, val_f1=0.529, train_loss_epoch=0.838]
Epoch 17: 100%|██████████| 30/30 [04:37<00:00,  0.11it/s, v_num=1, train_loss_step=0.690, val_loss=0.976, val_mean_auc=0.597, val_mean_ap=0.487, val_accuracy=0.611, val_f1=0.529, train_loss_epoch=0.838]

Validation: |          | 0/? [00:00<?, ?it/s][A

Validation: |          | 0/? [00:00<?, ?it/s][A

Validation DataLoader 0:   0%|          | 0/4 [00:00<?, ?it/s][A

Validation DataLoader 0:  25%|██▌       | 1/4 [00:00<00:00,  4.35it/s][A

Validation DataLoader 0:  50%|█████     | 2/4 [00:03<00:03,  0.51it/s][A

Validation DataLoader 0:  75%|███████▌  | 3/4 [00:19<00:06,  0.15it/s][A

Validation DataLoader 0: 100%|██████████| 4/4 [00:20<00:00,  0.20it/s][A

                                                                      [A
Epoch 17: 100%|██████████| 30/30 [05:11<00:00,  0.10it/s, v_num=1, train_loss_step=0.690, val_loss=0.976, val_mean_auc=0.597, val_mean_ap=0.486, val_accuracy=0.604, val_f1=0.524, train_loss_epoch=0.838]
Epoch 17: 100%|██████████| 30/30 [05:11<00:00,  0.10it/s, v_num=1, train_loss_step=0.690, val_loss=0.976, val_mean_auc=0.597, val_mean_ap=0.486, val_accuracy=0.604, val_f1=0.524, train_loss_epoch=0.850]Epoch 17, global step 540: 'val_mean_auc' was not in top 1

Epoch 17: 100%|██████████| 30/30 [05:11<00:00,  0.10it/s, v_num=1, train_loss_step=0.690, val_loss=0.976, val_mean_auc=0.597, val_mean_ap=0.486, val_accuracy=0.604, val_f1=0.524, train_loss_epoch=0.850]2026-04-23 12:01:39 - __main__ - INFO - Training complete - best checkpoint saved to: /home/people/23225831/vlm3d_challenge/task_2_multi_abnormality_classification/sonic_vlm3d_challenge/src/outputs/checkpoints/best-epoch=11-val_mean_auc=0.6067.ckpt
2026-04-23 12:01:39 - __main__ - INFO - Best val_mean_auc: 0.6067
2026-04-23 12:01:41 - modules.encoder - INFO - Loading DinoV2 encoder from local directory: src/pretrained_encoders/dinov2-small...
2026-04-23 12:01:41 - modules.encoder - INFO - DinoV2 encoder loaded and frozen (768-dim embeddings)
LOCAL_RANK: 0 - CUDA_VISIBLE_DEVICES: [0]
/home/people/23225831/vlm3d_challenge/task_2_multi_abnormality_classification/sonic_vlm3d_challenge/venv/lib64/python3.9/site-packages/pytorch_lightning/loggers/tensorboard.py:195: Could not log computational graph to TensorBoard: The `model.example_input_array` attribute is not set or `input_array` was not given.
SLURM auto-requeueing enabled. Setting signal handlers.


Testing: |          | 0/? [00:00<?, ?it/s]
Testing: |          | 0/? [00:00<?, ?it/s]
Testing DataLoader 0:   0%|          | 0/4 [00:00<?, ?it/s]
Testing DataLoader 0:  25%|██▌       | 1/4 [00:00<00:00,  4.33it/s]
Testing DataLoader 0:  50%|█████     | 2/4 [00:01<00:01,  1.74it/s]
Testing DataLoader 0:  75%|███████▌  | 3/4 [00:14<00:04,  0.20it/s]
Testing DataLoader 0: 100%|██████████| 4/4 [00:15<00:00,  0.26it/s]
Testing DataLoader 0: 100%|██████████| 4/4 [00:15<00:00,  0.26it/s]
────────────────────────────────────────────────────────────────────────────────────────────────────────────────────────
       Test metric             DataLoader 0
────────────────────────────────────────────────────────────────────────────────────────────────────────────────────────
      test_accuracy          0.529629647731781
         test_f1            0.34196892380714417
    test_hamming_loss       0.4703703820705414
        test_loss           0.9150130748748779
      test_mean_ap          0.30074071884155273
      test_mean_auc         0.5246714949607849
     test_precision         0.22448979318141937
       test_recall           0.717391312122345
────────────────────────────────────────────────────────────────────────────────────────────────────────────────────────
Training job completed








Testing Results: 

Current working dir: /home/people/23225831/vlm3d_challenge/task_2_multi_abnormality_classification/sonic_vlm3d_challenge
2026-04-23 12:59:42 - __main__ - INFO - Loading test split from /scratch/23225831/vlm3d_challenge/data/sampled_train_fixed/subset_manifest/test_split.json
2026-04-23 12:59:42 - __main__ - INFO - Test samples: 15
2026-04-23 12:59:42 - __main__ - INFO - Building test dataloader...
/home/people/23225831/vlm3d_challenge/task_2_multi_abnormality_classification/sonic_vlm3d_challenge/venv/lib64/python3.9/site-packages/monai/utils/deprecate_utils.py:321: FutureWarning: monai.transforms.spatial.dictionary Orientationd.__init__:labels: Current default value of argument `labels=(('L', 'R'), ('P', 'A'), ('I', 'S'))` was changed in version None from `labels=(('L', 'R'), ('P', 'A'), ('I', 'S'))` to `labels=None`. Default value changed to None meaning that the transform now uses the 'space' of a meta-tensor, if applicable, to determine appropriate axis labels.
  warn_deprecated(argname, msg, warning_category)
2026-04-23 12:59:42 - __main__ - INFO - Loading model from src/outputs/checkpoints/best-epoch=11-val_mean_auc=0.6067.ckpt
2026-04-23 12:59:43 - modules.encoder - INFO - Loading DinoV2 encoder from local directory: src/pretrained_encoders/dinov2-small...
2026-04-23 12:59:43 - modules.encoder - INFO - DinoV2 encoder loaded and frozen (768-dim embeddings)
2026-04-23 12:59:43 - __main__ - INFO - Restored thresholds: [0.3499999940395355, 0.3499999940395355, 0.30000001192092896, 0.15000000596046448, 0.5, 0.699999988079071, 0.05000000074505806, 0.5, 0.4000000059604645, 0.25, 0.3499999940395355, 0.30000001192092896, 0.5, 0.5, 0.30000001192092896, 0.550000011920929, 0.05000000074505806, 0.3499999940395355]
💡 Tip: For seamless cloud uploads and versioning, try installing [litmodels](https://pypi.org/project/litmodels/) to enable LitModelCheckpoint, which syncs automatically with the Lightning model registry.
GPU available: True (cuda), used: True
TPU available: False, using: 0 TPU cores
You are using a CUDA device ('NVIDIA L40S') that has Tensor Cores. To properly utilize them, you should set `torch.set_float32_matmul_precision('medium' | 'high')` which will trade-off precision for performance. For more details, read https://pytorch.org/docs/stable/generated/torch.set_float32_matmul_precision.html#torch.set_float32_matmul_precision
LOCAL_RANK: 0 - CUDA_VISIBLE_DEVICES: [0]
SLURM auto-requeueing enabled. Setting signal handlers.

Testing: |          | 0/? [00:00<?, ?it/s]
Testing: |          | 0/? [00:00<?, ?it/s]
Testing DataLoader 0:   0%|          | 0/4 [00:00<?, ?it/s]
Testing DataLoader 0:  25%|██▌       | 1/4 [00:00<00:01,  2.57it/s]
Testing DataLoader 0:  50%|█████     | 2/4 [00:01<00:01,  1.70it/s]
Testing DataLoader 0:  75%|███████▌  | 3/4 [00:15<00:05,  0.19it/s]
Testing DataLoader 0: 100%|██████████| 4/4 [00:15<00:00,  0.26it/s]2026-04-23 13:00:16 - modules.multiabnormality_classification_model - INFO - Class                                          AUC      AP  n_pos
2026-04-23 13:00:16 - modules.multiabnormality_classification_model - INFO - Cardiomegaly                                 0.714   0.200      1
2026-04-23 13:00:16 - modules.multiabnormality_classification_model - INFO - Lung opacity                                 0.714   0.771      8
2026-04-23 13:00:16 - modules.multiabnormality_classification_model - INFO - Arterial wall calcification                  0.694   0.738      3
2026-04-23 13:00:16 - modules.multiabnormality_classification_model - INFO - Coronary artery wall calcification           0.639   0.322      3
2026-04-23 13:00:16 - modules.multiabnormality_classification_model - INFO - Atelectasis                                  0.636   0.415      4
2026-04-23 13:00:16 - modules.multiabnormality_classification_model - INFO - Bronchiectasis                               0.577   0.208      2
2026-04-23 13:00:16 - modules.multiabnormality_classification_model - INFO - Pulmonary fibrotic sequela                   0.523   0.335      4
2026-04-23 13:00:16 - modules.multiabnormality_classification_model - INFO - Medical material                             0.500   0.125      1
2026-04-23 13:00:16 - modules.multiabnormality_classification_model - INFO - Emphysema                                    0.500   0.183      2
2026-04-23 13:00:16 - modules.multiabnormality_classification_model - INFO - Mosaic attenuation pattern                   0.500   0.125      1
2026-04-23 13:00:16 - modules.multiabnormality_classification_model - INFO - Peribronchial thickening                     0.500   0.283      3
2026-04-23 13:00:16 - modules.multiabnormality_classification_model - INFO - Lymphadenopathy                              0.472   0.310      3
2026-04-23 13:00:16 - modules.multiabnormality_classification_model - INFO - Consolidation                                0.429   0.111      1
2026-04-23 13:00:16 - modules.multiabnormality_classification_model - INFO - Interlobular septal thickening               0.357   0.100      1
2026-04-23 13:00:16 - modules.multiabnormality_classification_model - INFO - Lung nodule                                  0.333   0.378      6
2026-04-23 13:00:16 - modules.multiabnormality_classification_model - INFO - Hiatal hernia                                0.306   0.206      3
2026-04-23 13:00:16 - modules.multiabnormality_classification_model - INFO - Pericardial effusion                           N/A     N/A      0
2026-04-23 13:00:16 - modules.multiabnormality_classification_model - INFO - Pleural effusion                               N/A     N/A      0
2026-04-23 13:00:16 - modules.multiabnormality_classification_model - INFO - MEAN (valid only)                            0.525   0.301     46

Testing DataLoader 0: 100%|██████████| 4/4 [00:15<00:00,  0.26it/s]2026-04-23 13:00:16 - __main__ - INFO - Test results: [{'test_loss': 0.9150130748748779, 'test_auc/Medical material': 0.5, 'test_auc/Arterial wall calcification': 0.6944444179534912, 'test_auc/Cardiomegaly': 0.7142857313156128, 'test_auc/Coronary artery wall calcification': 0.6388888955116272, 'test_auc/Hiatal hernia': 0.3055555522441864, 'test_auc/Lymphadenopathy': 0.4722222089767456, 'test_auc/Emphysema': 0.5, 'test_auc/Atelectasis': 0.6363636255264282, 'test_auc/Lung nodule': 0.3333333432674408, 'test_auc/Lung opacity': 0.7142857313156128, 'test_auc/Pulmonary fibrotic sequela': 0.5227272510528564, 'test_auc/Mosaic attenuation pattern': 0.5, 'test_auc/Peribronchial thickening': 0.5, 'test_auc/Consolidation': 0.4285714328289032, 'test_auc/Bronchiectasis': 0.5769230723381042, 'test_auc/Interlobular septal thickening': 0.3571428656578064, 'test_ap/Medical material': 0.125, 'test_ap/Arterial wall calcification': 0.738095223903656, 'test_ap/Cardiomegaly': 0.20000000298023224, 'test_ap/Coronary artery wall calcification': 0.3222222328186035, 'test_ap/Hiatal hernia': 0.20604395866394043, 'test_ap/Lymphadenopathy': 0.3102564215660095, 'test_ap/Emphysema': 0.18333333730697632, 'test_ap/Atelectasis': 0.4154762029647827, 'test_ap/Lung nodule': 0.3778832256793976, 'test_ap/Lung opacity': 0.7709144949913025, 'test_ap/Pulmonary fibrotic sequela': 0.3348484933376312, 'test_ap/Mosaic attenuation pattern': 0.125, 'test_ap/Peribronchial thickening': 0.28333333134651184, 'test_ap/Consolidation': 0.1111111119389534, 'test_ap/Bronchiectasis': 0.2083333283662796, 'test_ap/Interlobular septal thickening': 0.10000000149011612, 'test_mean_auc': 0.5246714949607849, 'test_mean_ap': 0.30074071884155273, 'test_accuracy': 0.529629647731781, 'test_f1': 0.34196892380714417, 'test_precision': 0.22448979318141937, 'test_recall': 0.717391312122345, 'test_hamming_loss': 0.4703703820705414}]

────────────────────────────────────────────────────────────────────────────────────────────────────────────────────────
                Test metric                               DataLoader 0
────────────────────────────────────────────────────────────────────────────────────────────────────────────────────────
               test_accuracy                            0.529629647731781
    test_ap/Arterial wall calcification                 0.738095223903656
            test_ap/Atelectasis                        0.4154762029647827
          test_ap/Bronchiectasis                       0.2083333283662796
           test_ap/Cardiomegaly                        0.20000000298023224
           test_ap/Consolidation                       0.1111111119389534
test_ap/Coronary artery wall calcification             0.3222222328186035
             test_ap/Emphysema                         0.18333333730697632
           test_ap/Hiatal hernia                       0.20604395866394043
  test_ap/Interlobular septal thickening               0.10000000149011612
            test_ap/Lung nodule                        0.3778832256793976
           test_ap/Lung opacity                        0.7709144949913025
          test_ap/Lymphadenopathy                      0.3102564215660095
         test_ap/Medical material                             0.125
    test_ap/Mosaic attenuation pattern                        0.125
     test_ap/Peribronchial thickening                  0.28333333134651184
    test_ap/Pulmonary fibrotic sequela                 0.3348484933376312
   test_auc/Arterial wall calcification                0.6944444179534912
           test_auc/Atelectasis                        0.6363636255264282
          test_auc/Bronchiectasis                      0.5769230723381042
           test_auc/Cardiomegaly                       0.7142857313156128
          test_auc/Consolidation                       0.4285714328289032
test_auc/Coronary artery wall calcification            0.6388888955116272
            test_auc/Emphysema                                 0.5
          test_auc/Hiatal hernia                       0.3055555522441864
  test_auc/Interlobular septal thickening              0.3571428656578064
           test_auc/Lung nodule                        0.3333333432674408
           test_auc/Lung opacity                       0.7142857313156128
         test_auc/Lymphadenopathy                      0.4722222089767456
         test_auc/Medical material                             0.5
    test_auc/Mosaic attenuation pattern                        0.5
     test_auc/Peribronchial thickening                         0.5
    test_auc/Pulmonary fibrotic sequela                0.5227272510528564
                  test_f1                              0.34196892380714417
             test_hamming_loss                         0.4703703820705414
                 test_loss                             0.9150130748748779
               test_mean_ap                            0.30074071884155273
               test_mean_auc                           0.5246714949607849
              test_precision                           0.22448979318141937
                test_recall                             0.717391312122345
────────────────────────────────────────────────────────────────────────────────────────────────────────────────────────
Testing job completed
