2026-08-19 09:13:29 - __main__ - INFO - Preparing data...
2026-08-19 09:13:29 - __main__ - INFO - Using existing manifest at /scratch/23225831/vlm3d_challenge/data/sampled_train_fixed/subset_manifest/subset_manifest.json
2026-08-19 09:13:29 - __main__ - INFO - Using existing splits from /scratch/23225831/vlm3d_challenge/data/sampled_train_fixed/subset_manifest
2026-08-19 09:13:29 - __main__ - INFO - Loading train/val/test data...
2026-08-19 09:13:29 - __main__ - INFO - Loaded: Train=480, Val=60, Test=60
2026-08-19 09:13:29 - __main__ - INFO - Creating dataloaders...
/home/people/23225831/vlm3d_challenge/task_2_multi_abnormality_classification/sonic_vlm3d_challenge/venv/lib64/python3.9/site-packages/monai/utils/deprecate_utils.py:321: FutureWarning: monai.transforms.spatial.dictionary Orientationd.__init__:labels: Current default value of argument `labels=(('L', 'R'), ('P', 'A'), ('I', 'S'))` was changed in version None from `labels=(('L', 'R'), ('P', 'A'), ('I', 'S'))` to `labels=None`. Default value changed to None meaning that the transform now uses the 'space' of a meta-tensor, if applicable, to determine appropriate axis labels.
  warn_deprecated(argname, msg, warning_category)
2026-08-19 09:13:29 - __main__ - INFO - Initializing model...
2026-08-19 09:13:29 - __main__ - INFO - Position weights: tensor([5.0000, 2.5036, 5.0000, 5.0000, 3.1379, 5.0000, 3.2478, 4.5814, 3.4037,
        1.3077, 1.5946, 2.8710, 5.0000, 5.0000, 5.0000, 5.0000, 5.0000, 5.0000])
2026-08-19 09:13:29 - __main__ - INFO - Min weight: 1.31, Max weight: 5.00, Mean: 4.04
2026-08-19 09:13:29 - __main__ - INFO - Window set: lung_mediastinum_bone
2026-08-19 09:13:29 - modules.encoder - INFO - Loading DinoV2 encoder from local directory: src/pretrained_encoders/dinov2-small...
2026-08-19 09:13:29 - modules.encoder - INFO - DinoV2 encoder loaded and frozen (768-dim embeddings)
2026-08-19 09:13:29 - __main__ - INFO - Creating trainer...
GPU available: True (cuda), used: True
TPU available: False, using: 0 TPU cores
2026-08-19 09:13:29 - __main__ - INFO - Starting training...
/home/people/23225831/vlm3d_challenge/task_2_multi_abnormality_classification/sonic_vlm3d_challenge/venv/lib64/python3.9/site-packages/pytorch_lightning/callbacks/model_checkpoint.py:881: Checkpoint directory /home/people/23225831/vlm3d_challenge/task_2_multi_abnormality_classification/sonic_vlm3d_challenge/src/outputs/checkpoints exists and is not empty.
LOCAL_RANK: 0 - CUDA_VISIBLE_DEVICES: [0]

  | Name      | Type                  | Params | Mode  | FLOPs
--------------------------------------------------------------------
0 | encoder   | DinoV2Encoder         | 22.1 M | train | 0    
1 | head      | GatedAttentionMILHead | 213 K  | train | 0    
2 | criterion | BCEWithLogitsLoss     | 0      | train | 0    
--------------------------------------------------------------------
213 K     Trainable params
22.1 M    Non-trainable params
22.3 M    Total params
89.078    Total estimated model params size (MB)
8         Modules in train mode
236       Modules in eval mode
0         Total Flops
/home/people/23225831/vlm3d_challenge/task_2_multi_abnormality_classification/sonic_vlm3d_challenge/venv/lib64/python3.9/site-packages/pytorch_lightning/loggers/tensorboard.py:195: Could not log computational graph to TensorBoard: The `model.example_input_array` attribute is not set or `input_array` was not given.
SLURM auto-requeueing enabled. Setting signal handlers.
/home/people/23225831/vlm3d_challenge/task_2_multi_abnormality_classification/sonic_vlm3d_challenge/venv/lib64/python3.9/site-packages/pytorch_lightning/loops/fit_loop.py:534: Found 236 module(s) in eval mode at the start of training. This may lead to unexpected behavior during training. If this is intentional, you can ignore this warning.
Epoch 0, global step 120: 'val_mean_auc' reached 0.62382 (best 0.62382), saving model to '/home/people/23225831/vlm3d_challenge/task_2_multi_abnormality_classification/sonic_vlm3d_challenge/src/outputs/checkpoints/best-epoch=00-val_mean_auc=0.6238.ckpt' as top 1
Epoch 1, global step 240: 'val_mean_auc' reached 0.65381 (best 0.65381), saving model to '/home/people/23225831/vlm3d_challenge/task_2_multi_abnormality_classification/sonic_vlm3d_challenge/src/outputs/checkpoints/best-epoch=01-val_mean_auc=0.6538.ckpt' as top 1
Epoch 2, global step 360: 'val_mean_auc' reached 0.66210 (best 0.66210), saving model to '/home/people/23225831/vlm3d_challenge/task_2_multi_abnormality_classification/sonic_vlm3d_challenge/src/outputs/checkpoints/best-epoch=02-val_mean_auc=0.6621.ckpt' as top 1
Epoch 3, global step 480: 'val_mean_auc' reached 0.67980 (best 0.67980), saving model to '/home/people/23225831/vlm3d_challenge/task_2_multi_abnormality_classification/sonic_vlm3d_challenge/src/outputs/checkpoints/best-epoch=03-val_mean_auc=0.6798.ckpt' as top 1
Epoch 4, global step 600: 'val_mean_auc' reached 0.68443 (best 0.68443), saving model to '/home/people/23225831/vlm3d_challenge/task_2_multi_abnormality_classification/sonic_vlm3d_challenge/src/outputs/checkpoints/best-epoch=04-val_mean_auc=0.6844.ckpt' as top 1
Epoch 5, global step 720: 'val_mean_auc' was not in top 1
Epoch 6, global step 840: 'val_mean_auc' reached 0.68452 (best 0.68452), saving model to '/home/people/23225831/vlm3d_challenge/task_2_multi_abnormality_classification/sonic_vlm3d_challenge/src/outputs/checkpoints/best-epoch=06-val_mean_auc=0.6845.ckpt' as top 1
Epoch 7, global step 960: 'val_mean_auc' reached 0.69246 (best 0.69246), saving model to '/home/people/23225831/vlm3d_challenge/task_2_multi_abnormality_classification/sonic_vlm3d_challenge/src/outputs/checkpoints/best-epoch=07-val_mean_auc=0.6925.ckpt' as top 1
Epoch 8, global step 1080: 'val_mean_auc' reached 0.69702 (best 0.69702), saving model to '/home/people/23225831/vlm3d_challenge/task_2_multi_abnormality_classification/sonic_vlm3d_challenge/src/outputs/checkpoints/best-epoch=08-val_mean_auc=0.6970.ckpt' as top 1
Epoch 9, global step 1200: 'val_mean_auc' reached 0.70155 (best 0.70155), saving model to '/home/people/23225831/vlm3d_challenge/task_2_multi_abnormality_classification/sonic_vlm3d_challenge/src/outputs/checkpoints/best-epoch=09-val_mean_auc=0.7015.ckpt' as top 1
Epoch 10, global step 1320: 'val_mean_auc' was not in top 1
Epoch 11, global step 1440: 'val_mean_auc' was not in top 1
Epoch 12, global step 1560: 'val_mean_auc' reached 0.70266 (best 0.70266), saving model to '/home/people/23225831/vlm3d_challenge/task_2_multi_abnormality_classification/sonic_vlm3d_challenge/src/outputs/checkpoints/best-epoch=12-val_mean_auc=0.7027.ckpt' as top 1
Epoch 13, global step 1680: 'val_mean_auc' reached 0.70618 (best 0.70618), saving model to '/home/people/23225831/vlm3d_challenge/task_2_multi_abnormality_classification/sonic_vlm3d_challenge/src/outputs/checkpoints/best-epoch=13-val_mean_auc=0.7062.ckpt' as top 1
Epoch 14, global step 1800: 'val_mean_auc' was not in top 1
Epoch 15, global step 1920: 'val_mean_auc' was not in top 1
Epoch 16, global step 2040: 'val_mean_auc' was not in top 1
Epoch 17, global step 2160: 'val_mean_auc' was not in top 1
Epoch 18, global step 2280: 'val_mean_auc' was not in top 1
Epoch 19, global step 2400: 'val_mean_auc' was not in top 1
`Trainer.fit` stopped: `max_epochs=20` reached.
2026-08-19 18:56:44 - __main__ - INFO - Training complete - best checkpoint saved to: /home/people/23225831/vlm3d_challenge/task_2_multi_abnormality_classification/sonic_vlm3d_challenge/src/outputs/checkpoints/best-epoch=13-val_mean_auc=0.7062.ckpt
2026-08-19 18:56:44 - __main__ - INFO - Best val_mean_auc: 0.7062
2026-08-19 18:56:45 - modules.encoder - INFO - Loading DinoV2 encoder from local directory: src/pretrained_encoders/dinov2-small...
2026-08-19 18:56:45 - modules.encoder - INFO - DinoV2 encoder loaded and frozen (768-dim embeddings)
LOCAL_RANK: 0 - CUDA_VISIBLE_DEVICES: [0]
/home/people/23225831/vlm3d_challenge/task_2_multi_abnormality_classification/sonic_vlm3d_challenge/venv/lib64/python3.9/site-packages/pytorch_lightning/loggers/tensorboard.py:195: Could not log computational graph to TensorBoard: The `model.example_input_array` attribute is not set or `input_array` was not given.
SLURM auto-requeueing enabled. Setting signal handlers.
2026-08-19 19:00:01 - modules.multiabnormality_classification_model - INFO - Class                                          AUC      AP  n_pos
2026-08-19 19:00:01 - modules.multiabnormality_classification_model - INFO - Pleural effusion                             0.919   0.705      7
2026-08-19 19:00:01 - modules.multiabnormality_classification_model - INFO - Cardiomegaly                                 0.918   0.776     11
2026-08-19 19:00:01 - modules.multiabnormality_classification_model - INFO - Coronary artery wall calcification           0.902   0.792     14
2026-08-19 19:00:01 - modules.multiabnormality_classification_model - INFO - Interlobular septal thickening               0.902   0.403      4
2026-08-19 19:00:01 - modules.multiabnormality_classification_model - INFO - Pericardial effusion                         0.898   0.143      1
2026-08-19 19:00:01 - modules.multiabnormality_classification_model - INFO - Arterial wall calcification                  0.886   0.766     16
2026-08-19 19:00:01 - modules.multiabnormality_classification_model - INFO - Mosaic attenuation pattern                   0.808   0.208      4
2026-08-19 19:00:01 - modules.multiabnormality_classification_model - INFO - Pulmonary fibrotic sequela                   0.730   0.413     14
2026-08-19 19:00:01 - modules.multiabnormality_classification_model - INFO - Atelectasis                                  0.717   0.579     16
2026-08-19 19:00:01 - modules.multiabnormality_classification_model - INFO - Emphysema                                    0.705   0.496     18
2026-08-19 19:00:01 - modules.multiabnormality_classification_model - INFO - Peribronchial thickening                     0.648   0.281     10
2026-08-19 19:00:01 - modules.multiabnormality_classification_model - INFO - Bronchiectasis                               0.636   0.133      5
2026-08-19 19:00:01 - modules.multiabnormality_classification_model - INFO - Medical material                             0.589   0.293      5
2026-08-19 19:00:01 - modules.multiabnormality_classification_model - INFO - Consolidation                                0.587   0.188      8
2026-08-19 19:00:01 - modules.multiabnormality_classification_model - INFO - Lung opacity                                 0.581   0.518     21
2026-08-19 19:00:01 - modules.multiabnormality_classification_model - INFO - Lymphadenopathy                              0.557   0.433     15
2026-08-19 19:00:01 - modules.multiabnormality_classification_model - INFO - Hiatal hernia                                0.540   0.250     10
2026-08-19 19:00:01 - modules.multiabnormality_classification_model - INFO - Lung nodule                                  0.521   0.417     25
2026-08-19 19:00:01 - modules.multiabnormality_classification_model - INFO - MEAN (valid only)                            0.725   0.433    204
