2026-08-11 18:49:57 - __main__ - INFO - Preparing data...
2026-08-11 18:49:57 - __main__ - INFO - Using existing manifest at /scratch/23225831/vlm3d_challenge/data/sampled_train_fixed/subset_manifest/subset_manifest.json
2026-08-11 18:49:57 - __main__ - INFO - Using existing splits from /scratch/23225831/vlm3d_challenge/data/sampled_train_fixed/subset_manifest
2026-08-11 18:49:57 - __main__ - INFO - Loading train/val/test data...
2026-08-11 18:49:57 - __main__ - INFO - Loaded: Train=480, Val=60, Test=60
2026-08-11 18:49:57 - __main__ - INFO - Creating dataloaders...
/home/people/23225831/vlm3d_challenge/task_2_multi_abnormality_classification/sonic_vlm3d_challenge/venv/lib64/python3.9/site-packages/monai/utils/deprecate_utils.py:321: FutureWarning: monai.transforms.spatial.dictionary Orientationd.__init__:labels: Current default value of argument `labels=(('L', 'R'), ('P', 'A'), ('I', 'S'))` was changed in version None from `labels=(('L', 'R'), ('P', 'A'), ('I', 'S'))` to `labels=None`. Default value changed to None meaning that the transform now uses the 'space' of a meta-tensor, if applicable, to determine appropriate axis labels.
  warn_deprecated(argname, msg, warning_category)
2026-08-11 18:49:57 - __main__ - INFO - Initializing model...
2026-08-11 18:49:57 - __main__ - INFO - Position weights: tensor([5.0000, 2.5036, 5.0000, 5.0000, 3.1379, 5.0000, 3.2478, 4.5814, 3.4037,
        1.3077, 1.5946, 2.8710, 5.0000, 5.0000, 5.0000, 5.0000, 5.0000, 5.0000])
2026-08-11 18:49:57 - __main__ - INFO - Min weight: 1.31, Max weight: 5.00, Mean: 4.04
2026-08-11 18:49:57 - __main__ - INFO - LoRA enabled: r=8, alpha=16, dropout=0.05, targets=['query', 'key', 'value'], encoder_lr=0.0001, head_lr=0.0003
2026-08-11 18:49:57 - modules.encoder - INFO - Loading DinoV2 encoder from local directory: src/pretrained_encoders/dinov2-small...
2026-08-11 18:49:58 - modules.encoder - INFO - DinoV2 encoder loaded with LoRA (r=8, alpha=16, dropout=0.05, targets=['query', 'key', 'value']; 221,184 trainable / 22,277,760 total backbone params; 768-dim embeddings)
2026-08-11 18:49:58 - __main__ - INFO - Creating trainer...
GPU available: True (cuda), used: True
TPU available: False, using: 0 TPU cores
2026-08-11 18:49:58 - __main__ - INFO - Starting training...
LOCAL_RANK: 0 - CUDA_VISIBLE_DEVICES: [0]

  | Name      | Type                  | Params | Mode  | FLOPs
--------------------------------------------------------------------
0 | encoder   | DinoV2Encoder         | 22.3 M | train | 0    
1 | head      | GatedAttentionMILHead | 213 K  | train | 0    
2 | criterion | BCEWithLogitsLoss     | 0      | train | 0    
--------------------------------------------------------------------
434 K     Trainable params
22.1 M    Non-trainable params
22.5 M    Total params
89.963    Total estimated model params size (MB)
370       Modules in train mode
236       Modules in eval mode
0         Total Flops
/home/people/23225831/vlm3d_challenge/task_2_multi_abnormality_classification/sonic_vlm3d_challenge/venv/lib64/python3.9/site-packages/pytorch_lightning/loggers/tensorboard.py:195: Could not log computational graph to TensorBoard: The `model.example_input_array` attribute is not set or `input_array` was not given.
SLURM auto-requeueing enabled. Setting signal handlers.
/home/people/23225831/vlm3d_challenge/task_2_multi_abnormality_classification/sonic_vlm3d_challenge/venv/lib64/python3.9/site-packages/pytorch_lightning/loops/fit_loop.py:534: Found 236 module(s) in eval mode at the start of training. This may lead to unexpected behavior during training. If this is intentional, you can ignore this warning.
Epoch 0, global step 120: 'val_mean_auc' reached 0.59826 (best 0.59826), saving model to '/home/people/23225831/vlm3d_challenge/task_2_multi_abnormality_classification/sonic_vlm3d_challenge/src/outputs_lora/checkpoints/best-epoch=00-val_mean_auc=0.5983.ckpt' as top 1
Epoch 1, global step 240: 'val_mean_auc' reached 0.63535 (best 0.63535), saving model to '/home/people/23225831/vlm3d_challenge/task_2_multi_abnormality_classification/sonic_vlm3d_challenge/src/outputs_lora/checkpoints/best-epoch=01-val_mean_auc=0.6354.ckpt' as top 1
Epoch 2, global step 360: 'val_mean_auc' reached 0.66104 (best 0.66104), saving model to '/home/people/23225831/vlm3d_challenge/task_2_multi_abnormality_classification/sonic_vlm3d_challenge/src/outputs_lora/checkpoints/best-epoch=02-val_mean_auc=0.6610.ckpt' as top 1
Epoch 3, global step 480: 'val_mean_auc' reached 0.68367 (best 0.68367), saving model to '/home/people/23225831/vlm3d_challenge/task_2_multi_abnormality_classification/sonic_vlm3d_challenge/src/outputs_lora/checkpoints/best-epoch=03-val_mean_auc=0.6837.ckpt' as top 1
Epoch 4, global step 600: 'val_mean_auc' reached 0.69082 (best 0.69082), saving model to '/home/people/23225831/vlm3d_challenge/task_2_multi_abnormality_classification/sonic_vlm3d_challenge/src/outputs_lora/checkpoints/best-epoch=04-val_mean_auc=0.6908.ckpt' as top 1
Epoch 5, global step 720: 'val_mean_auc' reached 0.70049 (best 0.70049), saving model to '/home/people/23225831/vlm3d_challenge/task_2_multi_abnormality_classification/sonic_vlm3d_challenge/src/outputs_lora/checkpoints/best-epoch=05-val_mean_auc=0.7005.ckpt' as top 1
Epoch 6, global step 840: 'val_mean_auc' reached 0.70537 (best 0.70537), saving model to '/home/people/23225831/vlm3d_challenge/task_2_multi_abnormality_classification/sonic_vlm3d_challenge/src/outputs_lora/checkpoints/best-epoch=06-val_mean_auc=0.7054.ckpt' as top 1
Epoch 7, global step 960: 'val_mean_auc' was not in top 1
Epoch 8, global step 1080: 'val_mean_auc' was not in top 1
Epoch 9, global step 1200: 'val_mean_auc' reached 0.70705 (best 0.70705), saving model to '/home/people/23225831/vlm3d_challenge/task_2_multi_abnormality_classification/sonic_vlm3d_challenge/src/outputs_lora/checkpoints/best-epoch=09-val_mean_auc=0.7071.ckpt' as top 1
Epoch 10, global step 1320: 'val_mean_auc' was not in top 1
Epoch 11, global step 1440: 'val_mean_auc' was not in top 1
Epoch 12, global step 1560: 'val_mean_auc' was not in top 1
Epoch 13, global step 1680: 'val_mean_auc' was not in top 1
Epoch 14, global step 1800: 'val_mean_auc' was not in top 1
Epoch 15, global step 1920: 'val_mean_auc' was not in top 1
Epoch 16, global step 2040: 'val_mean_auc' was not in top 1
slurmstepd: error: *** JOB 682429 ON sonicgpu2 CANCELLED AT 2026-08-12T03:19:59 DUE TO TIME LIMIT ***
